../STM32_WPAN/App/app_ble.c:1198:13:BLE_UserEvtRx	8	static
../STM32_WPAN/App/app_ble.c:1088:13:Adv_Cancel	8	static
../STM32_WPAN/App/app_ble.c:1218:13:BLE_StatusNot	0	static
../STM32_WPAN/App/app_ble.c:987:13:Adv_Request.constprop	40	static
../STM32_WPAN/App/app_ble.c:262:6:APP_BLE_Init	120	static
../STM32_WPAN/App/app_ble.c:409:28:SVCCTL_App_Notification	8	static
../STM32_WPAN/App/app_ble.c:706:22:APP_BLE_Get_Server_Connection_Status	0	static
../STM32_WPAN/App/app_ble.c:1177:6:hci_notify_asynch_evt	0	static
../STM32_WPAN/App/app_ble.c:1184:6:hci_cmd_resp_release	0	static
../STM32_WPAN/App/app_ble.c:1191:6:hci_cmd_resp_wait	0	static
../STM32_WPAN/App/app_ble.c:1257:6:SVCCTL_ResumeUserEventFlow	0	static
